Archive member included because of file (symbol)

c:\Keil\ARM\INC\ADI\\libaduc7024.a(irq.o)
                              ../outfile/startup.o (ADI_IRQ_Interrupt_Setup)

Allocating common symbols
Common symbol       size              file

gaucRootTaskStack   0x190             ../outfile/wlx_core_c.o
gpstrTask1Tcb       0x4               ../outfile/test.o
gpstrRootTaskTcb    0x4               ../outfile/wlx_core_c.o
gaucTask1Stack      0x190             ../outfile/test.o
gaucTask2Stack      0x190             ../outfile/test.o
gpstrTask2Tcb       0x4               ../outfile/test.o
gpuiCurTaskSpAddr   0x4               ../outfile/wlx_core_c.o
guiNextTaskSp       0x4               ../outfile/wlx_core_c.o
gaucTask3Stack      0x190             ../outfile/test.o
gpstrCurTcb         0x4               ../outfile/wlx_core_c.o
gpstrTask3Tcb       0x4               ../outfile/test.o

Memory Configuration

Name             Origin             Length             Attributes
IntFLASH         0x00080000         0x0000f800         xr
IntRAM           0x00010000         0x00001b74         rw
*default*        0x00000000         0xffffffff

Linker script and memory map

LOAD ../outfile/wlx_core_a.o
LOAD ../outfile/wlx_core_c.o
LOAD ../outfile/wlx_userboot.o
LOAD ../outfile/device.o
LOAD ../outfile/test.o
LOAD ../outfile/unoptimize.o
LOAD ../outfile/startup.o
LOAD c:/program files/codesourcery/sourcery g++ lite/bin/../arm-none-linux-gnueabi/libc/armv4t/usr/lib/libm.so
LOAD c:/program files/codesourcery/sourcery g++ lite/bin/../lib/gcc/arm-none-linux-gnueabi/4.5.2/armv4t\libgcc.a
LOAD c:/program files/codesourcery/sourcery g++ lite/bin/../arm-none-linux-gnueabi/libc/armv4t/lib/libgcc_s.so
START GROUP
LOAD c:/program files/codesourcery/sourcery g++ lite/bin/../arm-none-linux-gnueabi/libc/armv4t/lib\libgcc_s.so.1
LOAD c:/program files/codesourcery/sourcery g++ lite/bin/../lib/gcc/arm-none-linux-gnueabi/4.5.2/armv4t\libgcc.a
END GROUP
LOAD c:/program files/codesourcery/sourcery g++ lite/bin/../arm-none-linux-gnueabi/libc/armv4t/usr/lib/libc.so
START GROUP
LOAD c:\program files\codesourcery\sourcery g++ lite\bin\../arm-none-linux-gnueabi/libc/armv4t/lib/libc.so.6
LOAD c:\program files\codesourcery\sourcery g++ lite\bin\../arm-none-linux-gnueabi/libc/armv4t/usr/lib/libc_nonshared.a
LOAD c:\program files\codesourcery\sourcery g++ lite\bin\../arm-none-linux-gnueabi/libc/armv4t/lib/ld-linux.so.3
END GROUP
LOAD c:/program files/codesourcery/sourcery g++ lite/bin/../lib/gcc/arm-none-linux-gnueabi/4.5.2/armv4t\libgcc.a
LOAD c:/program files/codesourcery/sourcery g++ lite/bin/../arm-none-linux-gnueabi/libc/armv4t/lib/libgcc_s.so
START GROUP
LOAD c:/program files/codesourcery/sourcery g++ lite/bin/../arm-none-linux-gnueabi/libc/armv4t/lib\libgcc_s.so.1
LOAD c:/program files/codesourcery/sourcery g++ lite/bin/../lib/gcc/arm-none-linux-gnueabi/4.5.2/armv4t\libgcc.a
END GROUP
LOAD c:\Keil\ARM\INC\ADI\\libaduc7024.a

.text           0x00080000      0x714
 *startup.o(.text)
 .text          0x00080000      0x108 ../outfile/startup.o
                0x00080000                _startup
 *(.text)
 .text          0x00080108       0x54 ../outfile/wlx_core_a.o
                0x00080108                WLX_ContextSwitch
                0x0008013c                WLX_SwitchToTask
 .text          0x0008015c      0x1f4 ../outfile/wlx_core_c.o
                0x0008015c                WLX_TaskTcbInit
                0x00080170                WLX_TaskStackInit
                0x00080234                WLX_TaskCreate
                0x0008028c                WLX_TaskSwitch
                0x000802d4                WLX_TaskStart
                0x0008030c                main
 .text          0x00080350       0x90 ../outfile/wlx_userboot.o
                0x00080350                WLX_RootTask
 .text          0x000803e0       0xd4 ../outfile/device.o
                0x000803e0                DEV_HardwareInit
                0x0008041c                DEV_UartInit
                0x0008044c                DEV_PutChar
                0x00080468                DEV_PutString
                0x000804a4                DEV_SetGpioMode
 .text          0x000804b4       0xa0 ../outfile/test.o
                0x000804b4                TEST_TestTask1
                0x000804e8                TEST_TestTask2
                0x0008051c                TEST_TestTask3
 .text          0x00080554       0x70 ../outfile/unoptimize.o
                0x00080554                DEV_DelayMs
 .text          0x000805c4      0x150 c:\Keil\ARM\INC\ADI\\libaduc7024.a(irq.o)
                0x000805c4                ADI_IRQ_Interrupt_Setup
                0x000805fc                ADI_FIQ_Interrupt_Setup
                0x00080634                ADI_SWI_Interrupt_Setup
                0x0008066c                ADI_UNDEF_Interrupt_Setup
                0x000806a4                ADI_PABORT_Interrupt_Setup
                0x000806dc                ADI_DABORT_Interrupt_Setup
 *(.glue_7t)
 .glue_7t       0x00000000        0x0 linker stubs
 *(.glue_7)
 .glue_7        0x00000000        0x0 linker stubs

.vfp11_veneer   0x00080714        0x0
 .vfp11_veneer  0x00000000        0x0 linker stubs

.v4_bx          0x00080714        0x0
 .v4_bx         0x00000000        0x0 linker stubs

.plt            0x00080714        0x0
 .plt           0x00000000        0x0 c:/program files/codesourcery/sourcery g++ lite/bin/../arm-none-linux-gnueabi/libc/armv4t/usr/lib/libm.so
                0x00080714                . = ALIGN (0x4)

.rodata
 *(.rodata)

.ARM.extab      0x00080714       0x6c
 .ARM.extab     0x00080714       0x30 ../outfile/wlx_core_c.o
 .ARM.extab     0x00080744        0xc ../outfile/wlx_userboot.o
 .ARM.extab     0x00080750        0x0 ../outfile/device.o
 .ARM.extab     0x00080750       0x24 ../outfile/test.o
 .ARM.extab     0x00080774        0xc ../outfile/unoptimize.o

.ARM.exidx      0x00080780       0x68
 .ARM.exidx     0x00080780       0x30 ../outfile/wlx_core_c.o
 .ARM.exidx     0x000807b0        0x8 ../outfile/wlx_userboot.o
 .ARM.exidx     0x000807b8        0x8 ../outfile/device.o
                                 0x28 (size before relaxing)
 .ARM.exidx     0x000807c0       0x18 ../outfile/test.o
 .ARM.exidx     0x000807d8       0x10 ../outfile/unoptimize.o
                                  0x8 (size before relaxing)

.rodata.str1.4  0x000807e8       0x3c
 .rodata.str1.4
                0x000807e8       0x3c ../outfile/test.o

.interp         0x00080824       0x13
 .interp        0x00080824       0x13 c:/program files/codesourcery/sourcery g++ lite/bin/../arm-none-linux-gnueabi/libc/armv4t/usr/lib/libm.so

.gnu.version_d  0x00080838        0x0 load address 0x00080837
 .gnu.version_d
                0x00000000        0x0 c:/program files/codesourcery/sourcery g++ lite/bin/../arm-none-linux-gnueabi/libc/armv4t/usr/lib/libm.so

.gnu.version    0x00080838        0x6
 .gnu.version   0x00080838        0x6 c:/program files/codesourcery/sourcery g++ lite/bin/../arm-none-linux-gnueabi/libc/armv4t/usr/lib/libm.so

.gnu.version_r  0x00080840       0x20
 .gnu.version_r
                0x00080840       0x20 c:/program files/codesourcery/sourcery g++ lite/bin/../arm-none-linux-gnueabi/libc/armv4t/usr/lib/libm.so

.dynsym         0x00080860       0x30
 .dynsym        0x00080860       0x30 c:/program files/codesourcery/sourcery g++ lite/bin/../arm-none-linux-gnueabi/libc/armv4t/usr/lib/libm.so

.dynstr         0x00080890       0x59
 .dynstr        0x00080890       0x59 c:/program files/codesourcery/sourcery g++ lite/bin/../arm-none-linux-gnueabi/libc/armv4t/usr/lib/libm.so

.hash           0x000808ec       0x18
 .hash          0x000808ec       0x18 c:/program files/codesourcery/sourcery g++ lite/bin/../arm-none-linux-gnueabi/libc/armv4t/usr/lib/libm.so

.rel.dyn        0x00080904        0x0
 .rel.got       0x00000000        0x0 c:/program files/codesourcery/sourcery g++ lite/bin/../arm-none-linux-gnueabi/libc/armv4t/usr/lib/libm.so
 .rel.plt       0x00000000        0x0 c:/program files/codesourcery/sourcery g++ lite/bin/../arm-none-linux-gnueabi/libc/armv4t/usr/lib/libm.so
 .rel.bss       0x00000000        0x0 c:/program files/codesourcery/sourcery g++ lite/bin/../arm-none-linux-gnueabi/libc/armv4t/usr/lib/libm.so
                0x00080904                . = ALIGN (0x4)
                0x00080904                _etext = .
                0x00080904                PROVIDE (etext, .)

.data           0x00010000        0x0 load address 0x00080904
                0x00010000                _data = .
 *(.data)
 .data          0x00010000        0x0 ../outfile/wlx_core_a.o
 .data          0x00010000        0x0 ../outfile/wlx_core_c.o
 .data          0x00010000        0x0 ../outfile/wlx_userboot.o
 .data          0x00010000        0x0 ../outfile/device.o
 .data          0x00010000        0x0 ../outfile/test.o
 .data          0x00010000        0x0 ../outfile/unoptimize.o
 .data          0x00010000        0x0 ../outfile/startup.o
 .data          0x00010000        0x0 c:\Keil\ARM\INC\ADI\\libaduc7024.a(irq.o)

.dynamic        0x00010000       0x90 load address 0x00080904
 .dynamic       0x00010000       0x90 c:/program files/codesourcery/sourcery g++ lite/bin/../arm-none-linux-gnueabi/libc/armv4t/usr/lib/libm.so
                0x00010000                _DYNAMIC

.got            0x00010090        0x0 load address 0x00080994
 .got           0x00000000        0x0 c:/program files/codesourcery/sourcery g++ lite/bin/../arm-none-linux-gnueabi/libc/armv4t/usr/lib/libm.so

.got.plt        0x00010090        0xc load address 0x00080994
 .got.plt       0x00010090        0xc c:/program files/codesourcery/sourcery g++ lite/bin/../arm-none-linux-gnueabi/libc/armv4t/usr/lib/libm.so
                0x00010090                _GLOBAL_OFFSET_TABLE_
                0x0001009c                . = ALIGN (0x4)
                0x0001009c                _edata = .
                0x0001009c                PROVIDE (edata, .)

.bss            0x0001009c      0x674 load address 0x000809a0
                0x0001009c                __bss_start = .
                0x0001009c                __bss_start__ = .
 *(.bss)
 .bss           0x0001009c        0x0 ../outfile/wlx_core_a.o
 .bss           0x0001009c        0x0 ../outfile/wlx_core_c.o
 .bss           0x0001009c        0x0 ../outfile/wlx_userboot.o
 .bss           0x0001009c        0x0 ../outfile/device.o
 .bss           0x0001009c        0x0 ../outfile/test.o
 .bss           0x0001009c        0x0 ../outfile/unoptimize.o
 .bss           0x0001009c        0x0 ../outfile/startup.o
 .bss           0x0001009c       0x18 c:\Keil\ARM\INC\ADI\\libaduc7024.a(irq.o)
                0x0001009c                IRQ
                0x000100a0                FIQ
                0x000100a4                SWI
                0x000100a8                UNDEF
                0x000100ac                PABORT
                0x000100b0                DABORT
 *(COMMON)
 COMMON         0x000100b4      0x1a0 ../outfile/wlx_core_c.o
                0x000100b4                gaucRootTaskStack
                0x00010244                gpstrRootTaskTcb
                0x00010248                gpuiCurTaskSpAddr
                0x0001024c                guiNextTaskSp
                0x00010250                gpstrCurTcb
 COMMON         0x00010254      0x4bc ../outfile/test.o
                0x00010254                gpstrTask1Tcb
                0x00010258                gaucTask1Stack
                0x000103e8                gaucTask2Stack
                0x00010578                gpstrTask2Tcb
                0x0001057c                gaucTask3Stack
                0x0001070c                gpstrTask3Tcb

.dynbss         0x00010710        0x0 load address 0x00081014
 .dynbss        0x00000000        0x0 c:/program files/codesourcery/sourcery g++ lite/bin/../arm-none-linux-gnueabi/libc/armv4t/usr/lib/libm.so
                0x00010710                . = ALIGN (0x4)
                0x00010710                __bss_end__ = .
                0x00010710                __bss_end__ = .
                0x00010710                _end = .
                0x00010710                PROVIDE (end, .)

.stab
 *(.stab)

.stabstr
 *(.stabstr)

.stab.excl
 *(.stab.excl)

.stab.exclstr
 *(.stab.exclstr)

.stab.index
 *(.stab.index)

.stab.indexstr
 *(.stab.indexstr)

.ARM.attributes
                0x00000000       0x2c
 .ARM.attributes
                0x00000000       0x22 ../outfile/wlx_core_a.o
 .ARM.attributes
                0x00000022       0x32 ../outfile/wlx_core_c.o
 .ARM.attributes
                0x00000054       0x32 ../outfile/wlx_userboot.o
 .ARM.attributes
                0x00000086       0x32 ../outfile/device.o
 .ARM.attributes
                0x000000b8       0x32 ../outfile/test.o
 .ARM.attributes
                0x000000ea       0x32 ../outfile/unoptimize.o
 .ARM.attributes
                0x0000011c       0x22 ../outfile/startup.o
 .ARM.attributes
                0x0000013e       0x2e c:\Keil\ARM\INC\ADI\\libaduc7024.a(irq.o)

.note.GNU-stack
                0x00000000        0x0
 .note.GNU-stack
                0x00000000        0x0 ../outfile/wlx_core_c.o
 .note.GNU-stack
                0x00000000        0x0 ../outfile/wlx_userboot.o
 .note.GNU-stack
                0x00000000        0x0 ../outfile/device.o
 .note.GNU-stack
                0x00000000        0x0 ../outfile/test.o
 .note.GNU-stack
                0x00000000        0x0 ../outfile/unoptimize.o

.comment        0x00000000       0x55
 *(.comment)
 .comment       0x00000000       0x2a ../outfile/wlx_core_c.o
                                 0x2b (size before relaxing)
 .comment       0x00000000       0x2b ../outfile/wlx_userboot.o
 .comment       0x00000000       0x2b ../outfile/device.o
 .comment       0x00000000       0x2b ../outfile/test.o
 .comment       0x00000000       0x2b ../outfile/unoptimize.o
 .comment       0x0000002a       0x2b c:\Keil\ARM\INC\ADI\\libaduc7024.a(irq.o)

.debug
 *(.debug)

.line
 *(.line)

.debug_srcinfo
 *(.debug_srcinfo)

.debug_sfnames
 *(.debug_sfnames)

.debug_aranges  0x00000000      0x100
 *(.debug_aranges)
 .debug_aranges
                0x00000000       0x20 ../outfile/wlx_core_a.o
 .debug_aranges
                0x00000020       0x20 ../outfile/wlx_core_c.o
 .debug_aranges
                0x00000040       0x20 ../outfile/wlx_userboot.o
 .debug_aranges
                0x00000060       0x20 ../outfile/device.o
 .debug_aranges
                0x00000080       0x20 ../outfile/test.o
 .debug_aranges
                0x000000a0       0x20 ../outfile/unoptimize.o
 .debug_aranges
                0x000000c0       0x20 ../outfile/startup.o
 .debug_aranges
                0x000000e0       0x20 c:\Keil\ARM\INC\ADI\\libaduc7024.a(irq.o)

.debug_pubnames
                0x00000000      0x347
 *(.debug_pubnames)
 .debug_pubnames
                0x00000000       0xe0 ../outfile/wlx_core_c.o
 .debug_pubnames
                0x000000e0       0x23 ../outfile/wlx_userboot.o
 .debug_pubnames
                0x00000103       0x6e ../outfile/device.o
 .debug_pubnames
                0x00000171       0xba ../outfile/test.o
 .debug_pubnames
                0x0000022b       0x22 ../outfile/unoptimize.o
 .debug_pubnames
                0x0000024d       0xfa c:\Keil\ARM\INC\ADI\\libaduc7024.a(irq.o)

.debug_info     0x00000000      0x9d7
 *(.debug_info .gnu.linkonce.wi.*)
 .debug_info    0x00000000       0x61 ../outfile/wlx_core_a.o
 .debug_info    0x00000061      0x321 ../outfile/wlx_core_c.o
 .debug_info    0x00000382      0x16d ../outfile/wlx_userboot.o
 .debug_info    0x000004ef      0x150 ../outfile/device.o
 .debug_info    0x0000063f      0x17b ../outfile/test.o
 .debug_info    0x000007ba       0x9e ../outfile/unoptimize.o
 .debug_info    0x00000858       0x5c ../outfile/startup.o
 .debug_info    0x000008b4      0x123 c:\Keil\ARM\INC\ADI\\libaduc7024.a(irq.o)

.debug_abbrev   0x00000000      0x4e2
 *(.debug_abbrev)
 .debug_abbrev  0x00000000       0x14 ../outfile/wlx_core_a.o
 .debug_abbrev  0x00000014      0x19a ../outfile/wlx_core_c.o
 .debug_abbrev  0x000001ae       0xaa ../outfile/wlx_userboot.o
 .debug_abbrev  0x00000258       0xf0 ../outfile/device.o
 .debug_abbrev  0x00000348       0xb4 ../outfile/test.o
 .debug_abbrev  0x000003fc       0x6a ../outfile/unoptimize.o
 .debug_abbrev  0x00000466       0x14 ../outfile/startup.o
 .debug_abbrev  0x0000047a       0x68 c:\Keil\ARM\INC\ADI\\libaduc7024.a(irq.o)

.debug_line     0x00000000      0x3f7
 *(.debug_line)
 .debug_line    0x00000000       0x5c ../outfile/wlx_core_a.o
 .debug_line    0x0000005c       0xce ../outfile/wlx_core_c.o
 .debug_line    0x0000012a       0x75 ../outfile/wlx_userboot.o
 .debug_line    0x0000019f       0x96 ../outfile/device.o
 .debug_line    0x00000235       0x96 ../outfile/test.o
 .debug_line    0x000002cb       0x64 ../outfile/unoptimize.o
 .debug_line    0x0000032f       0x7c ../outfile/startup.o
 .debug_line    0x000003ab       0x4c c:\Keil\ARM\INC\ADI\\libaduc7024.a(irq.o)

.debug_frame    0x00000000      0x324
 *(.debug_frame)
 .debug_frame   0x00000000       0xd4 ../outfile/wlx_core_c.o
 .debug_frame   0x000000d4       0x38 ../outfile/wlx_userboot.o
 .debug_frame   0x0000010c       0x60 ../outfile/device.o
 .debug_frame   0x0000016c       0x88 ../outfile/test.o
 .debug_frame   0x000001f4       0x30 ../outfile/unoptimize.o
 .debug_frame   0x00000224      0x100 c:\Keil\ARM\INC\ADI\\libaduc7024.a(irq.o)

.debug_str      0x00000000      0x3b4
 *(.debug_str)
 .debug_str     0x00000000      0x16e ../outfile/wlx_core_c.o
                                0x180 (size before relaxing)
 .debug_str     0x0000016e       0x90 ../outfile/wlx_userboot.o
                                0x116 (size before relaxing)
 .debug_str     0x000001fe       0x64 ../outfile/device.o
                                 0xe5 (size before relaxing)
 .debug_str     0x00000262       0x3f ../outfile/test.o
                                0x128 (size before relaxing)
 .debug_str     0x000002a1       0x29 ../outfile/unoptimize.o
                                 0xa3 (size before relaxing)
 .debug_str     0x000002ca       0xea c:\Keil\ARM\INC\ADI\\libaduc7024.a(irq.o)

.debug_loc      0x00000000      0x460
 *(.debug_loc)
 .debug_loc     0x00000000      0x269 ../outfile/wlx_core_c.o
 .debug_loc     0x00000269       0x2c ../outfile/wlx_userboot.o
 .debug_loc     0x00000295       0x1f ../outfile/device.o
 .debug_loc     0x000002b4       0x84 ../outfile/test.o
 .debug_loc     0x00000338       0x2c ../outfile/unoptimize.o
 .debug_loc     0x00000364       0xfc c:\Keil\ARM\INC\ADI\\libaduc7024.a(irq.o)

.debug_macinfo
 *(.debug_macinfo)

.debug_weaknames
 *(.debug_weaknames)

.debug_funcnames
 *(.debug_funcnames)

.debug_typenames
 *(.debug_typenames)

.debug_varnames
 *(.debug_varnames)
OUTPUT(../outfile/wanlix.elf elf32-littlearm)

.debug_pubtypes
                0x00000000       0xee
 .debug_pubtypes
                0x00000000       0x47 ../outfile/wlx_core_c.o
 .debug_pubtypes
                0x00000047       0x3f ../outfile/wlx_userboot.o
 .debug_pubtypes
                0x00000086       0x19 ../outfile/device.o
 .debug_pubtypes
                0x0000009f       0x35 ../outfile/test.o
 .debug_pubtypes
                0x000000d4       0x1a ../outfile/unoptimize.o
