Archive member included because of file (symbol)

c:\Keil\ARM\INC\ADI\\libaduc7024.a(irq.o)
                              ../outfile/startup.o (ADI_IRQ_Interrupt_Setup)

Allocating common symbols
Common symbol       size              file

gpuiCurTaskSpAddr   0x4               ../outfile/wlx_core_c.o
guiNextTaskSp       0x4               ../outfile/wlx_core_c.o
gauiTask2Stack      0x190             ../outfile/test.o
guiTask2CurSp       0x4               ../outfile/wlx_core_c.o
guiCurTask          0x4               ../outfile/wlx_core_c.o
guiTask1CurSp       0x4               ../outfile/wlx_core_c.o
gauiTask1Stack      0x190             ../outfile/test.o

Memory Configuration

Name             Origin             Length             Attributes
IntFLASH         0x00080000         0x0000f800         xr
IntRAM           0x00010000         0x00001b74         rw
*default*        0x00000000         0xffffffff

Linker script and memory map

LOAD ../outfile/wlx_core_a.o
LOAD ../outfile/wlx_core_c.o
LOAD ../outfile/wlx_userboot.o
LOAD ../outfile/device.o
LOAD ../outfile/test.o
LOAD ../outfile/unoptimize.o
LOAD ../outfile/startup.o
LOAD c:/program files/codesourcery/sourcery g++ lite/bin/../arm-none-linux-gnueabi/libc/armv4t/usr/lib/libm.so
LOAD c:/program files/codesourcery/sourcery g++ lite/bin/../lib/gcc/arm-none-linux-gnueabi/4.5.2/armv4t\libgcc.a
LOAD c:/program files/codesourcery/sourcery g++ lite/bin/../arm-none-linux-gnueabi/libc/armv4t/lib/libgcc_s.so
START GROUP
LOAD c:/program files/codesourcery/sourcery g++ lite/bin/../arm-none-linux-gnueabi/libc/armv4t/lib\libgcc_s.so.1
LOAD c:/program files/codesourcery/sourcery g++ lite/bin/../lib/gcc/arm-none-linux-gnueabi/4.5.2/armv4t\libgcc.a
END GROUP
LOAD c:/program files/codesourcery/sourcery g++ lite/bin/../arm-none-linux-gnueabi/libc/armv4t/usr/lib/libc.so
START GROUP
LOAD c:\program files\codesourcery\sourcery g++ lite\bin\../arm-none-linux-gnueabi/libc/armv4t/lib/libc.so.6
LOAD c:\program files\codesourcery\sourcery g++ lite\bin\../arm-none-linux-gnueabi/libc/armv4t/usr/lib/libc_nonshared.a
LOAD c:\program files\codesourcery\sourcery g++ lite\bin\../arm-none-linux-gnueabi/libc/armv4t/lib/ld-linux.so.3
END GROUP
LOAD c:/program files/codesourcery/sourcery g++ lite/bin/../lib/gcc/arm-none-linux-gnueabi/4.5.2/armv4t\libgcc.a
LOAD c:/program files/codesourcery/sourcery g++ lite/bin/../arm-none-linux-gnueabi/libc/armv4t/lib/libgcc_s.so
START GROUP
LOAD c:/program files/codesourcery/sourcery g++ lite/bin/../arm-none-linux-gnueabi/libc/armv4t/lib\libgcc_s.so.1
LOAD c:/program files/codesourcery/sourcery g++ lite/bin/../lib/gcc/arm-none-linux-gnueabi/4.5.2/armv4t\libgcc.a
END GROUP
LOAD c:\Keil\ARM\INC\ADI\\libaduc7024.a

.text           0x00080000      0x664
 *startup.o(.text)
 .text          0x00080000      0x108 ../outfile/startup.o
                0x00080000                _startup
 *(.text)
 .text          0x00080108       0x44 ../outfile/wlx_core_a.o
                0x00080108                WLX_ContextSwitch
 .text          0x0008014c      0x1c0 ../outfile/wlx_core_c.o
                0x0008014c                WLX_TaskInit
                0x0008022c                WLX_TaskSwitch
                0x000802b8                WLX_TaskStart
 .text          0x0008030c        0x0 ../outfile/wlx_userboot.o
 .text          0x0008030c       0xd4 ../outfile/device.o
                0x0008030c                DEV_HardwareInit
                0x00080348                DEV_UartInit
                0x00080378                DEV_PutChar
                0x00080394                DEV_PutString
                0x000803d0                DEV_SetGpioMode
 .text          0x000803e0       0xc4 ../outfile/test.o
                0x000803e0                TEST_TestTask2
                0x00080408                TEST_TestTask1
                0x00080430                main
                0x00080484                TEST_GetTaskInitSp
 .text          0x000804a4       0x70 ../outfile/unoptimize.o
                0x000804a4                DEV_DelayMs
 .text          0x00080514      0x150 c:\Keil\ARM\INC\ADI\\libaduc7024.a(irq.o)
                0x00080514                ADI_IRQ_Interrupt_Setup
                0x0008054c                ADI_FIQ_Interrupt_Setup
                0x00080584                ADI_SWI_Interrupt_Setup
                0x000805bc                ADI_UNDEF_Interrupt_Setup
                0x000805f4                ADI_PABORT_Interrupt_Setup
                0x0008062c                ADI_DABORT_Interrupt_Setup
 *(.glue_7t)
 .glue_7t       0x00000000        0x0 linker stubs
 *(.glue_7)
 .glue_7        0x00000000        0x0 linker stubs

.vfp11_veneer   0x00080664        0x0
 .vfp11_veneer  0x00000000        0x0 linker stubs

.v4_bx          0x00080664        0x0
 .v4_bx         0x00000000        0x0 linker stubs

.plt            0x00080664        0x0
 .plt           0x00000000        0x0 c:/program files/codesourcery/sourcery g++ lite/bin/../arm-none-linux-gnueabi/libc/armv4t/usr/lib/libm.so
                0x00080664                . = ALIGN (0x4)

.rodata
 *(.rodata)

.ARM.extab      0x00080664       0x48
 .ARM.extab     0x00080664       0x18 ../outfile/wlx_core_c.o
 .ARM.extab     0x0008067c        0x0 ../outfile/device.o
 .ARM.extab     0x0008067c       0x24 ../outfile/test.o
 .ARM.extab     0x000806a0        0xc ../outfile/unoptimize.o

.ARM.exidx      0x000806ac       0x50
 .ARM.exidx     0x000806ac       0x18 ../outfile/wlx_core_c.o
 .ARM.exidx     0x000806c4        0x8 ../outfile/device.o
                                 0x28 (size before relaxing)
 .ARM.exidx     0x000806cc       0x20 ../outfile/test.o
 .ARM.exidx     0x000806ec       0x10 ../outfile/unoptimize.o
                                  0x8 (size before relaxing)

.rodata.str1.4  0x000806fc       0x28
 .rodata.str1.4
                0x000806fc       0x28 ../outfile/test.o

.interp         0x00080724       0x13
 .interp        0x00080724       0x13 c:/program files/codesourcery/sourcery g++ lite/bin/../arm-none-linux-gnueabi/libc/armv4t/usr/lib/libm.so

.gnu.version_d  0x00080738        0x0 load address 0x00080737
 .gnu.version_d
                0x00000000        0x0 c:/program files/codesourcery/sourcery g++ lite/bin/../arm-none-linux-gnueabi/libc/armv4t/usr/lib/libm.so

.gnu.version    0x00080738        0x6
 .gnu.version   0x00080738        0x6 c:/program files/codesourcery/sourcery g++ lite/bin/../arm-none-linux-gnueabi/libc/armv4t/usr/lib/libm.so

.gnu.version_r  0x00080740       0x20
 .gnu.version_r
                0x00080740       0x20 c:/program files/codesourcery/sourcery g++ lite/bin/../arm-none-linux-gnueabi/libc/armv4t/usr/lib/libm.so

.dynsym         0x00080760       0x30
 .dynsym        0x00080760       0x30 c:/program files/codesourcery/sourcery g++ lite/bin/../arm-none-linux-gnueabi/libc/armv4t/usr/lib/libm.so

.dynstr         0x00080790       0x59
 .dynstr        0x00080790       0x59 c:/program files/codesourcery/sourcery g++ lite/bin/../arm-none-linux-gnueabi/libc/armv4t/usr/lib/libm.so

.hash           0x000807ec       0x18
 .hash          0x000807ec       0x18 c:/program files/codesourcery/sourcery g++ lite/bin/../arm-none-linux-gnueabi/libc/armv4t/usr/lib/libm.so

.rel.dyn        0x00080804        0x0
 .rel.got       0x00000000        0x0 c:/program files/codesourcery/sourcery g++ lite/bin/../arm-none-linux-gnueabi/libc/armv4t/usr/lib/libm.so
 .rel.plt       0x00000000        0x0 c:/program files/codesourcery/sourcery g++ lite/bin/../arm-none-linux-gnueabi/libc/armv4t/usr/lib/libm.so
 .rel.bss       0x00000000        0x0 c:/program files/codesourcery/sourcery g++ lite/bin/../arm-none-linux-gnueabi/libc/armv4t/usr/lib/libm.so
                0x00080804                . = ALIGN (0x4)
                0x00080804                _etext = .
                0x00080804                PROVIDE (etext, .)

.data           0x00010000        0x0 load address 0x00080804
                0x00010000                _data = .
 *(.data)
 .data          0x00010000        0x0 ../outfile/wlx_core_a.o
 .data          0x00010000        0x0 ../outfile/wlx_core_c.o
 .data          0x00010000        0x0 ../outfile/wlx_userboot.o
 .data          0x00010000        0x0 ../outfile/device.o
 .data          0x00010000        0x0 ../outfile/test.o
 .data          0x00010000        0x0 ../outfile/unoptimize.o
 .data          0x00010000        0x0 ../outfile/startup.o
 .data          0x00010000        0x0 c:\Keil\ARM\INC\ADI\\libaduc7024.a(irq.o)

.dynamic        0x00010000       0x90 load address 0x00080804
 .dynamic       0x00010000       0x90 c:/program files/codesourcery/sourcery g++ lite/bin/../arm-none-linux-gnueabi/libc/armv4t/usr/lib/libm.so
                0x00010000                _DYNAMIC

.got            0x00010090        0x0 load address 0x00080894
 .got           0x00000000        0x0 c:/program files/codesourcery/sourcery g++ lite/bin/../arm-none-linux-gnueabi/libc/armv4t/usr/lib/libm.so

.got.plt        0x00010090        0xc load address 0x00080894
 .got.plt       0x00010090        0xc c:/program files/codesourcery/sourcery g++ lite/bin/../arm-none-linux-gnueabi/libc/armv4t/usr/lib/libm.so
                0x00010090                _GLOBAL_OFFSET_TABLE_
                0x0001009c                . = ALIGN (0x4)
                0x0001009c                _edata = .
                0x0001009c                PROVIDE (edata, .)

.bss            0x0001009c      0x34c load address 0x000808a0
                0x0001009c                __bss_start = .
                0x0001009c                __bss_start__ = .
 *(.bss)
 .bss           0x0001009c        0x0 ../outfile/wlx_core_a.o
 .bss           0x0001009c        0x0 ../outfile/wlx_core_c.o
 .bss           0x0001009c        0x0 ../outfile/wlx_userboot.o
 .bss           0x0001009c        0x0 ../outfile/device.o
 .bss           0x0001009c        0x0 ../outfile/test.o
 .bss           0x0001009c        0x0 ../outfile/unoptimize.o
 .bss           0x0001009c        0x0 ../outfile/startup.o
 .bss           0x0001009c       0x18 c:\Keil\ARM\INC\ADI\\libaduc7024.a(irq.o)
                0x0001009c                IRQ
                0x000100a0                FIQ
                0x000100a4                SWI
                0x000100a8                UNDEF
                0x000100ac                PABORT
                0x000100b0                DABORT
 *(COMMON)
 COMMON         0x000100b4       0x14 ../outfile/wlx_core_c.o
                0x000100b4                gpuiCurTaskSpAddr
                0x000100b8                guiNextTaskSp
                0x000100bc                guiTask2CurSp
                0x000100c0                guiCurTask
                0x000100c4                guiTask1CurSp
 COMMON         0x000100c8      0x320 ../outfile/test.o
                0x000100c8                gauiTask2Stack
                0x00010258                gauiTask1Stack

.dynbss         0x000103e8        0x0 load address 0x00080bec
 .dynbss        0x00000000        0x0 c:/program files/codesourcery/sourcery g++ lite/bin/../arm-none-linux-gnueabi/libc/armv4t/usr/lib/libm.so
                0x000103e8                . = ALIGN (0x4)
                0x000103e8                __bss_end__ = .
                0x000103e8                __bss_end__ = .
                0x000103e8                _end = .
                0x000103e8                PROVIDE (end, .)

.stab
 *(.stab)

.stabstr
 *(.stabstr)

.stab.excl
 *(.stab.excl)

.stab.exclstr
 *(.stab.exclstr)

.stab.index
 *(.stab.index)

.stab.indexstr
 *(.stab.indexstr)

.ARM.attributes
                0x00000000       0x2c
 .ARM.attributes
                0x00000000       0x22 ../outfile/wlx_core_a.o
 .ARM.attributes
                0x00000022       0x32 ../outfile/wlx_core_c.o
 .ARM.attributes
                0x00000054       0x32 ../outfile/wlx_userboot.o
 .ARM.attributes
                0x00000086       0x32 ../outfile/device.o
 .ARM.attributes
                0x000000b8       0x32 ../outfile/test.o
 .ARM.attributes
                0x000000ea       0x32 ../outfile/unoptimize.o
 .ARM.attributes
                0x0000011c       0x22 ../outfile/startup.o
 .ARM.attributes
                0x0000013e       0x2e c:\Keil\ARM\INC\ADI\\libaduc7024.a(irq.o)

.note.GNU-stack
                0x00000000        0x0
 .note.GNU-stack
                0x00000000        0x0 ../outfile/wlx_core_c.o
 .note.GNU-stack
                0x00000000        0x0 ../outfile/wlx_userboot.o
 .note.GNU-stack
                0x00000000        0x0 ../outfile/device.o
 .note.GNU-stack
                0x00000000        0x0 ../outfile/test.o
 .note.GNU-stack
                0x00000000        0x0 ../outfile/unoptimize.o

.comment        0x00000000       0x55
 *(.comment)
 .comment       0x00000000       0x2a ../outfile/wlx_core_c.o
                                 0x2b (size before relaxing)
 .comment       0x00000000       0x2b ../outfile/wlx_userboot.o
 .comment       0x00000000       0x2b ../outfile/device.o
 .comment       0x00000000       0x2b ../outfile/test.o
 .comment       0x00000000       0x2b ../outfile/unoptimize.o
 .comment       0x0000002a       0x2b c:\Keil\ARM\INC\ADI\\libaduc7024.a(irq.o)

.debug
 *(.debug)

.line
 *(.line)

.debug_srcinfo
 *(.debug_srcinfo)

.debug_sfnames
 *(.debug_sfnames)

.debug_aranges  0x00000000       0xe0
 *(.debug_aranges)
 .debug_aranges
                0x00000000       0x20 ../outfile/wlx_core_a.o
 .debug_aranges
                0x00000020       0x20 ../outfile/wlx_core_c.o
 .debug_aranges
                0x00000040       0x20 ../outfile/device.o
 .debug_aranges
                0x00000060       0x20 ../outfile/test.o
 .debug_aranges
                0x00000080       0x20 ../outfile/unoptimize.o
 .debug_aranges
                0x000000a0       0x20 ../outfile/startup.o
 .debug_aranges
                0x000000c0       0x20 c:\Keil\ARM\INC\ADI\\libaduc7024.a(irq.o)

.debug_pubnames
                0x00000000      0x2ab
 *(.debug_pubnames)
 .debug_pubnames
                0x00000000       0xa3 ../outfile/wlx_core_c.o
 .debug_pubnames
                0x000000a3       0x6e ../outfile/device.o
 .debug_pubnames
                0x00000111       0x7e ../outfile/test.o
 .debug_pubnames
                0x0000018f       0x22 ../outfile/unoptimize.o
 .debug_pubnames
                0x000001b1       0xfa c:\Keil\ARM\INC\ADI\\libaduc7024.a(irq.o)

.debug_info     0x00000000      0x77e
 *(.debug_info .gnu.linkonce.wi.*)
 .debug_info    0x00000000       0x9c ../outfile/wlx_core_a.o
 .debug_info    0x0000009c      0x199 ../outfile/wlx_core_c.o
 .debug_info    0x00000235       0x57 ../outfile/wlx_userboot.o
 .debug_info    0x0000028c      0x150 ../outfile/device.o
 .debug_info    0x000003dc      0x14a ../outfile/test.o
 .debug_info    0x00000526       0x9e ../outfile/unoptimize.o
 .debug_info    0x000005c4       0x97 ../outfile/startup.o
 .debug_info    0x0000065b      0x123 c:\Keil\ARM\INC\ADI\\libaduc7024.a(irq.o)

.debug_abbrev   0x00000000      0x3ae
 *(.debug_abbrev)
 .debug_abbrev  0x00000000       0x14 ../outfile/wlx_core_a.o
 .debug_abbrev  0x00000014       0xc0 ../outfile/wlx_core_c.o
 .debug_abbrev  0x000000d4       0x2a ../outfile/wlx_userboot.o
 .debug_abbrev  0x000000fe       0xf0 ../outfile/device.o
 .debug_abbrev  0x000001ee       0xda ../outfile/test.o
 .debug_abbrev  0x000002c8       0x6a ../outfile/unoptimize.o
 .debug_abbrev  0x00000332       0x14 ../outfile/startup.o
 .debug_abbrev  0x00000346       0x68 c:\Keil\ARM\INC\ADI\\libaduc7024.a(irq.o)

.debug_line     0x00000000      0x380
 *(.debug_line)
 .debug_line    0x00000000       0x56 ../outfile/wlx_core_a.o
 .debug_line    0x00000056       0xc6 ../outfile/wlx_core_c.o
 .debug_line    0x0000011c       0x1d ../outfile/wlx_userboot.o
 .debug_line    0x00000139       0x96 ../outfile/device.o
 .debug_line    0x000001cf       0x85 ../outfile/test.o
 .debug_line    0x00000254       0x64 ../outfile/unoptimize.o
 .debug_line    0x000002b8       0x7c ../outfile/startup.o
 .debug_line    0x00000334       0x4c c:\Keil\ARM\INC\ADI\\libaduc7024.a(irq.o)

.debug_frame    0x00000000      0x28c
 *(.debug_frame)
 .debug_frame   0x00000000       0x7c ../outfile/wlx_core_c.o
 .debug_frame   0x0000007c       0x60 ../outfile/device.o
 .debug_frame   0x000000dc       0x80 ../outfile/test.o
 .debug_frame   0x0000015c       0x30 ../outfile/unoptimize.o
 .debug_frame   0x0000018c      0x100 c:\Keil\ARM\INC\ADI\\libaduc7024.a(irq.o)

.debug_str      0x00000000      0x350
 *(.debug_str)
 .debug_str     0x00000000      0x147 ../outfile/wlx_core_c.o
                                0x159 (size before relaxing)
 .debug_str     0x00000147       0x2c ../outfile/wlx_userboot.o
                                 0xcf (size before relaxing)
 .debug_str     0x00000173       0x64 ../outfile/device.o
                                0x120 (size before relaxing)
 .debug_str     0x000001d7       0x66 ../outfile/test.o
                                0x122 (size before relaxing)
 .debug_str     0x0000023d       0x29 ../outfile/unoptimize.o
                                 0xde (size before relaxing)
 .debug_str     0x00000266       0xea c:\Keil\ARM\INC\ADI\\libaduc7024.a(irq.o)

.debug_loc      0x00000000      0x33e
 *(.debug_loc)
 .debug_loc     0x00000000      0x160 ../outfile/wlx_core_c.o
 .debug_loc     0x00000160       0x1f ../outfile/device.o
 .debug_loc     0x0000017f       0x97 ../outfile/test.o
 .debug_loc     0x00000216       0x2c ../outfile/unoptimize.o
 .debug_loc     0x00000242       0xfc c:\Keil\ARM\INC\ADI\\libaduc7024.a(irq.o)

.debug_macinfo
 *(.debug_macinfo)

.debug_weaknames
 *(.debug_weaknames)

.debug_funcnames
 *(.debug_funcnames)

.debug_typenames
 *(.debug_typenames)

.debug_varnames
 *(.debug_varnames)
OUTPUT(../outfile/wanlix.elf elf32-littlearm)

.debug_pubtypes
                0x00000000       0x99
 .debug_pubtypes
                0x00000000       0x2b ../outfile/wlx_core_c.o
 .debug_pubtypes
                0x0000002b       0x12 ../outfile/wlx_userboot.o
 .debug_pubtypes
                0x0000003d       0x19 ../outfile/device.o
 .debug_pubtypes
                0x00000056       0x29 ../outfile/test.o
 .debug_pubtypes
                0x0000007f       0x1a ../outfile/unoptimize.o
