ARM GAS  C:\DOCUME~1\ADMINI~1\LOCALS~1\Temp\ccC8ymtW.s 			page 1


   1              		.cpu arm7tdmi
   2              		.fpu softvfp
   3              		.eabi_attribute 20, 1
   4              		.eabi_attribute 21, 1
   5              		.eabi_attribute 23, 3
   6              		.eabi_attribute 24, 1
   7              		.eabi_attribute 25, 1
   8              		.eabi_attribute 26, 2
   9              		.eabi_attribute 30, 2
  10              		.eabi_attribute 18, 4
  11              		.file	"wlx_userboot.c"
  12              		.section	.debug_abbrev,"",%progbits
  13              	.Ldebug_abbrev0:
  14              		.section	.debug_info,"",%progbits
  15              	.Ldebug_info0:
  16              		.section	.debug_line,"",%progbits
  17              	.Ldebug_line0:
  18 0000 46000000 		.text
  18      02003000 
  18      00000201 
  18      FB0E0D00 
  18      01010101 
  19              	.Ltext0:
  20              		.cfi_sections	.debug_frame
  21              		.align	2
  22              		.global	WLX_RootTask
  23              		.type	WLX_RootTask, %function
  24              	WLX_RootTask:
  25              		.fnstart
  26              	.LFB0:
  27              		.file 1 "../srccode/wlx_userboot.c"
   1:../srccode/wlx_userboot.c **** 
   2:../srccode/wlx_userboot.c **** #include "wlx_userboot.h"
   3:../srccode/wlx_userboot.c **** 
   4:../srccode/wlx_userboot.c **** 
   5:../srccode/wlx_userboot.c **** /***********************************************************************************
   6:../srccode/wlx_userboot.c **** 函数功能: 根任务, 用户代码从这个函数开始执行.
   7:../srccode/wlx_userboot.c **** 入口参数: none.
   8:../srccode/wlx_userboot.c **** 返 回 值: none.
   9:../srccode/wlx_userboot.c **** ***********************************************************************************/
  10:../srccode/wlx_userboot.c **** void WLX_RootTask(void)
  11:../srccode/wlx_userboot.c **** {
  28              		.loc 1 11 0
  29              		.cfi_startproc
  30              		@ Function supports interworking.
  31              		@ args = 0, pretend = 0, frame = 0
  32              		@ frame_needed = 0, uses_anonymous_args = 0
  33              		@ link register save eliminated.
  12:../srccode/wlx_userboot.c ****     ;
  13:../srccode/wlx_userboot.c **** }
  34              		.loc 1 13 0
  35 0000 1EFF2FE1 		bx	lr
  36              		.cfi_endproc
  37              	.LFE0:
  38              		.fnend
  39              		.size	WLX_RootTask, .-WLX_RootTask
  40              	.Letext0:
ARM GAS  C:\DOCUME~1\ADMINI~1\LOCALS~1\Temp\ccC8ymtW.s 			page 2


  41              		.section	.debug_info
  42 0000 36000000 		.4byte	0x36
  43 0004 0200     		.2byte	0x2
  44 0006 00000000 		.4byte	.Ldebug_abbrev0
  45 000a 04       		.byte	0x4
  46 000b 01       		.uleb128 0x1
  47 000c 1F000000 		.4byte	.LASF0
  48 0010 01       		.byte	0x1
  49 0011 2B000000 		.4byte	.LASF1
  50 0015 00000000 		.4byte	.LASF2
  51 0019 00000000 		.4byte	.Ltext0
  52 001d 04000000 		.4byte	.Letext0
  53 0021 00000000 		.4byte	.Ldebug_line0
  54 0025 02       		.uleb128 0x2
  55 0026 01       		.byte	0x1
  56 0027 45000000 		.4byte	.LASF3
  57 002b 01       		.byte	0x1
  58 002c 0A       		.byte	0xa
  59 002d 01       		.byte	0x1
  60 002e 00000000 		.4byte	.LFB0
  61 0032 04000000 		.4byte	.LFE0
  62 0036 02       		.byte	0x2
  63 0037 7D       		.byte	0x7d
  64 0038 00       		.sleb128 0
  65 0039 00       		.byte	0x0
  66              		.section	.debug_abbrev
  67 0000 01       		.uleb128 0x1
  68 0001 11       		.uleb128 0x11
  69 0002 01       		.byte	0x1
  70 0003 25       		.uleb128 0x25
  71 0004 0E       		.uleb128 0xe
  72 0005 13       		.uleb128 0x13
  73 0006 0B       		.uleb128 0xb
  74 0007 03       		.uleb128 0x3
  75 0008 0E       		.uleb128 0xe
  76 0009 1B       		.uleb128 0x1b
  77 000a 0E       		.uleb128 0xe
  78 000b 11       		.uleb128 0x11
  79 000c 01       		.uleb128 0x1
  80 000d 12       		.uleb128 0x12
  81 000e 01       		.uleb128 0x1
  82 000f 10       		.uleb128 0x10
  83 0010 06       		.uleb128 0x6
  84 0011 00       		.byte	0x0
  85 0012 00       		.byte	0x0
  86 0013 02       		.uleb128 0x2
  87 0014 2E       		.uleb128 0x2e
  88 0015 00       		.byte	0x0
  89 0016 3F       		.uleb128 0x3f
  90 0017 0C       		.uleb128 0xc
  91 0018 03       		.uleb128 0x3
  92 0019 0E       		.uleb128 0xe
  93 001a 3A       		.uleb128 0x3a
  94 001b 0B       		.uleb128 0xb
  95 001c 3B       		.uleb128 0x3b
  96 001d 0B       		.uleb128 0xb
  97 001e 27       		.uleb128 0x27
ARM GAS  C:\DOCUME~1\ADMINI~1\LOCALS~1\Temp\ccC8ymtW.s 			page 3


  98 001f 0C       		.uleb128 0xc
  99 0020 11       		.uleb128 0x11
 100 0021 01       		.uleb128 0x1
 101 0022 12       		.uleb128 0x12
 102 0023 01       		.uleb128 0x1
 103 0024 40       		.uleb128 0x40
 104 0025 0A       		.uleb128 0xa
 105 0026 00       		.byte	0x0
 106 0027 00       		.byte	0x0
 107 0028 00       		.byte	0x0
 108              		.section	.debug_pubnames,"",%progbits
 109 0000 1F000000 		.4byte	0x1f
 110 0004 0200     		.2byte	0x2
 111 0006 00000000 		.4byte	.Ldebug_info0
 112 000a 3A000000 		.4byte	0x3a
 113 000e 25000000 		.4byte	0x25
 114 0012 574C585F 		.ascii	"WLX_RootTask\000"
 114      526F6F74 
 114      5461736B 
 114      00
 115 001f 00000000 		.4byte	0x0
 116              		.section	.debug_aranges,"",%progbits
 117 0000 1C000000 		.4byte	0x1c
 118 0004 0200     		.2byte	0x2
 119 0006 00000000 		.4byte	.Ldebug_info0
 120 000a 04       		.byte	0x4
 121 000b 00       		.byte	0x0
 122 000c 0000     		.2byte	0x0
 123 000e 0000     		.2byte	0x0
 124 0010 00000000 		.4byte	.Ltext0
 125 0014 04000000 		.4byte	.Letext0-.Ltext0
 126 0018 00000000 		.4byte	0x0
 127 001c 00000000 		.4byte	0x0
 128              		.section	.debug_str,"MS",%progbits,1
 129              	.LASF2:
 130 0000 463A5C77 		.ascii	"F:\\workdir\\RTOS_Wanlix\\project\000"
 130      6F726B64 
 130      69725C52 
 130      544F535F 
 130      57616E6C 
 131              	.LASF0:
 132 001f 474E5520 		.ascii	"GNU C 4.5.2\000"
 132      4320342E 
 132      352E3200 
 133              	.LASF1:
 134 002b 2E2E2F73 		.ascii	"../srccode/wlx_userboot.c\000"
 134      7263636F 
 134      64652F77 
 134      6C785F75 
 134      73657262 
 135              	.LASF3:
 136 0045 574C585F 		.ascii	"WLX_RootTask\000"
 136      526F6F74 
 136      5461736B 
 136      00
 137              		.ident	"GCC: (Sourcery G++ Lite 2011.03-41) 4.5.2"
 138              		.section	.note.GNU-stack,"",%progbits
ARM GAS  C:\DOCUME~1\ADMINI~1\LOCALS~1\Temp\ccC8ymtW.s 			page 4


ARM GAS  C:\DOCUME~1\ADMINI~1\LOCALS~1\Temp\ccC8ymtW.s 			page 5


DEFINED SYMBOLS
                            *ABS*:00000000 wlx_userboot.c
C:\DOCUME~1\ADMINI~1\LOCALS~1\Temp\ccC8ymtW.s:21     .text:00000000 $a
C:\DOCUME~1\ADMINI~1\LOCALS~1\Temp\ccC8ymtW.s:24     .text:00000000 WLX_RootTask
                       .ARM.exidx:00000000 $d
                     .debug_frame:00000010 $d

UNDEFINED SYMBOLS
__aeabi_unwind_cpp_pr0
