Archive member included because of file (symbol)

c:\Keil\ARM\INC\ADI\\libaduc7024.a(irq.o)
                              ../outfile/startup.o (ADI_IRQ_Interrupt_Setup)

Allocating common symbols
Common symbol       size              file

gaucRootTaskStack   0x190             ../outfile/wlx_core_c.o
gpstrRootTaskTcb    0x4               ../outfile/wlx_core_c.o
guiCurSta           0x4               ../outfile/test.o
guiSystemTick       0x4               ../outfile/device.o
gaucLedDisplayStack
                    0x190             ../outfile/test.o
gpuiCurTaskSpAddr   0x4               ../outfile/wlx_core_c.o
guiNextTaskSp       0x4               ../outfile/wlx_core_c.o
gpstrCrossStateTcb  0x4               ../outfile/test.o
guiStaChange        0x4               ../outfile/test.o
gstrCurCrossSta     0x2c              ../outfile/test.o
gaucCrossStateStack
                    0x190             ../outfile/test.o
gpstrLedDisplayTcb  0x4               ../outfile/test.o
gpstrCurTcb         0x4               ../outfile/wlx_core_c.o

Memory Configuration

Name             Origin             Length             Attributes
IntFLASH         0x00080000         0x0000f800         xr
IntRAM           0x00010000         0x00001b74         rw
*default*        0x00000000         0xffffffff

Linker script and memory map

LOAD ../outfile/wlx_core_a.o
LOAD ../outfile/wlx_core_c.o
LOAD ../outfile/wlx_userboot.o
LOAD ../outfile/device.o
LOAD ../outfile/test.o
LOAD ../outfile/interrupt.o
LOAD ../outfile/startup.o
LOAD c:/program files/codesourcery/sourcery g++ lite/bin/../arm-none-linux-gnueabi/libc/armv4t/usr/lib/libm.so
LOAD c:/program files/codesourcery/sourcery g++ lite/bin/../lib/gcc/arm-none-linux-gnueabi/4.5.2/armv4t\libgcc.a
LOAD c:/program files/codesourcery/sourcery g++ lite/bin/../arm-none-linux-gnueabi/libc/armv4t/lib/libgcc_s.so
START GROUP
LOAD c:/program files/codesourcery/sourcery g++ lite/bin/../arm-none-linux-gnueabi/libc/armv4t/lib\libgcc_s.so.1
LOAD c:/program files/codesourcery/sourcery g++ lite/bin/../lib/gcc/arm-none-linux-gnueabi/4.5.2/armv4t\libgcc.a
END GROUP
LOAD c:/program files/codesourcery/sourcery g++ lite/bin/../arm-none-linux-gnueabi/libc/armv4t/usr/lib/libc.so
START GROUP
LOAD c:\program files\codesourcery\sourcery g++ lite\bin\../arm-none-linux-gnueabi/libc/armv4t/lib/libc.so.6
LOAD c:\program files\codesourcery\sourcery g++ lite\bin\../arm-none-linux-gnueabi/libc/armv4t/usr/lib/libc_nonshared.a
LOAD c:\program files\codesourcery\sourcery g++ lite\bin\../arm-none-linux-gnueabi/libc/armv4t/lib/ld-linux.so.3
END GROUP
LOAD c:/program files/codesourcery/sourcery g++ lite/bin/../lib/gcc/arm-none-linux-gnueabi/4.5.2/armv4t\libgcc.a
LOAD c:/program files/codesourcery/sourcery g++ lite/bin/../arm-none-linux-gnueabi/libc/armv4t/lib/libgcc_s.so
START GROUP
LOAD c:/program files/codesourcery/sourcery g++ lite/bin/../arm-none-linux-gnueabi/libc/armv4t/lib\libgcc_s.so.1
LOAD c:/program files/codesourcery/sourcery g++ lite/bin/../lib/gcc/arm-none-linux-gnueabi/4.5.2/armv4t\libgcc.a
END GROUP
LOAD c:\Keil\ARM\INC\ADI\\libaduc7024.a

.text           0x00080000      0xbe4
 *startup.o(.text)
 .text          0x00080000      0x108 ../outfile/startup.o
                0x00080000                _startup
 *(.text)
 .text          0x00080108       0x54 ../outfile/wlx_core_a.o
                0x00080108                WLX_ContextSwitch
                0x0008013c                WLX_SwitchToTask
 .text          0x0008015c      0x1f4 ../outfile/wlx_core_c.o
                0x0008015c                WLX_TaskTcbInit
                0x00080170                WLX_TaskStackInit
                0x00080234                WLX_TaskCreate
                0x0008028c                WLX_TaskSwitch
                0x000802d4                WLX_TaskStart
                0x0008030c                main
 .text          0x00080350       0x70 ../outfile/wlx_userboot.o
                0x00080350                WLX_RootTask
 .text          0x000803c0      0x2a0 ../outfile/device.o
                0x000803c0                DEV_SoftwareInit
                0x000803dc                DEV_IsrInit
                0x00080404                DEV_TimerInit
                0x00080420                DEV_SetGpioMode
                0x00080430                DEV_SetGpioDir
                0x00080548                DEV_HardwareInit
                0x000805b8                DEV_SetGpio
                0x0008060c                DEV_ClrGpio
 .text          0x00080660      0x374 ../outfile/test.o
                0x00080660                TEST_CrossVarInit
                0x00080690                TEST_CrossStateTask
                0x00080888                TEST_LedSet
                0x00080984                TEST_LedDisplayTask
 .text          0x000809d4       0xc0 ../outfile/interrupt.o
                0x000809d4                ISR_TickIsr
                0x000809ec                ISR_PassengerIsr
                0x00080a38                ISR_IrqIsr
                0x00080a6c                ISR_PassengerIntLock
                0x00080a80                ISR_PassengerIntUnlock
 .text          0x00080a94      0x150 c:\Keil\ARM\INC\ADI\\libaduc7024.a(irq.o)
                0x00080a94                ADI_IRQ_Interrupt_Setup
                0x00080acc                ADI_FIQ_Interrupt_Setup
                0x00080b04                ADI_SWI_Interrupt_Setup
                0x00080b3c                ADI_UNDEF_Interrupt_Setup
                0x00080b74                ADI_PABORT_Interrupt_Setup
                0x00080bac                ADI_DABORT_Interrupt_Setup
 *(.glue_7t)
 .glue_7t       0x00000000        0x0 linker stubs
 *(.glue_7)
 .glue_7        0x00000000        0x0 linker stubs

.vfp11_veneer   0x00080be4        0x0
 .vfp11_veneer  0x00000000        0x0 linker stubs

.v4_bx          0x00080be4        0x0
 .v4_bx         0x00000000        0x0 linker stubs

.plt            0x00080be4        0x0
 .plt           0x00000000        0x0 c:/program files/codesourcery/sourcery g++ lite/bin/../arm-none-linux-gnueabi/libc/armv4t/usr/lib/libm.so
                0x00080be4                . = ALIGN (0x4)

.rodata
 *(.rodata)

.ARM.extab      0x00080be4       0x78
 .ARM.extab     0x00080be4       0x30 ../outfile/wlx_core_c.o
 .ARM.extab     0x00080c14        0xc ../outfile/wlx_userboot.o
 .ARM.extab     0x00080c20       0x18 ../outfile/device.o
 .ARM.extab     0x00080c38       0x24 ../outfile/test.o
 .ARM.extab     0x00080c5c        0x0 ../outfile/interrupt.o

.ARM.exidx      0x00080c5c       0x88
 .ARM.exidx     0x00080c5c       0x30 ../outfile/wlx_core_c.o
 .ARM.exidx     0x00080c8c        0x8 ../outfile/wlx_userboot.o
 .ARM.exidx     0x00080c94       0x28 ../outfile/device.o
                                 0x40 (size before relaxing)
 .ARM.exidx     0x00080cbc       0x18 ../outfile/test.o
                                 0x20 (size before relaxing)
 .ARM.exidx     0x00080cd4       0x10 ../outfile/interrupt.o
                                 0x28 (size before relaxing)

.interp         0x00080ce4       0x13
 .interp        0x00080ce4       0x13 c:/program files/codesourcery/sourcery g++ lite/bin/../arm-none-linux-gnueabi/libc/armv4t/usr/lib/libm.so

.gnu.version_d  0x00080cf8        0x0 load address 0x00080cf7
 .gnu.version_d
                0x00000000        0x0 c:/program files/codesourcery/sourcery g++ lite/bin/../arm-none-linux-gnueabi/libc/armv4t/usr/lib/libm.so

.gnu.version    0x00080cf8        0x6
 .gnu.version   0x00080cf8        0x6 c:/program files/codesourcery/sourcery g++ lite/bin/../arm-none-linux-gnueabi/libc/armv4t/usr/lib/libm.so

.gnu.version_r  0x00080d00       0x20
 .gnu.version_r
                0x00080d00       0x20 c:/program files/codesourcery/sourcery g++ lite/bin/../arm-none-linux-gnueabi/libc/armv4t/usr/lib/libm.so

.dynsym         0x00080d20       0x30
 .dynsym        0x00080d20       0x30 c:/program files/codesourcery/sourcery g++ lite/bin/../arm-none-linux-gnueabi/libc/armv4t/usr/lib/libm.so

.dynstr         0x00080d50       0x59
 .dynstr        0x00080d50       0x59 c:/program files/codesourcery/sourcery g++ lite/bin/../arm-none-linux-gnueabi/libc/armv4t/usr/lib/libm.so

.hash           0x00080dac       0x18
 .hash          0x00080dac       0x18 c:/program files/codesourcery/sourcery g++ lite/bin/../arm-none-linux-gnueabi/libc/armv4t/usr/lib/libm.so

.rel.dyn        0x00080dc4        0x0
 .rel.got       0x00000000        0x0 c:/program files/codesourcery/sourcery g++ lite/bin/../arm-none-linux-gnueabi/libc/armv4t/usr/lib/libm.so
 .rel.plt       0x00000000        0x0 c:/program files/codesourcery/sourcery g++ lite/bin/../arm-none-linux-gnueabi/libc/armv4t/usr/lib/libm.so
 .rel.bss       0x00000000        0x0 c:/program files/codesourcery/sourcery g++ lite/bin/../arm-none-linux-gnueabi/libc/armv4t/usr/lib/libm.so
                0x00080dc4                . = ALIGN (0x4)
                0x00080dc4                _etext = .
                0x00080dc4                PROVIDE (etext, .)

.data           0x00010000       0xb0 load address 0x00080dc4
                0x00010000                _data = .
 *(.data)
 .data          0x00010000        0x0 ../outfile/wlx_core_a.o
 .data          0x00010000        0x0 ../outfile/wlx_core_c.o
 .data          0x00010000        0x0 ../outfile/wlx_userboot.o
 .data          0x00010000        0x0 ../outfile/device.o
 .data          0x00010000       0xb0 ../outfile/test.o
                0x00010000                gastrCrossSta
 .data          0x000100b0        0x0 ../outfile/interrupt.o
 .data          0x000100b0        0x0 ../outfile/startup.o
 .data          0x000100b0        0x0 c:\Keil\ARM\INC\ADI\\libaduc7024.a(irq.o)

.dynamic        0x000100b0       0x90 load address 0x00080e74
 .dynamic       0x000100b0       0x90 c:/program files/codesourcery/sourcery g++ lite/bin/../arm-none-linux-gnueabi/libc/armv4t/usr/lib/libm.so
                0x000100b0                _DYNAMIC

.got            0x00010140        0x0 load address 0x00080f04
 .got           0x00000000        0x0 c:/program files/codesourcery/sourcery g++ lite/bin/../arm-none-linux-gnueabi/libc/armv4t/usr/lib/libm.so

.got.plt        0x00010140        0xc load address 0x00080f04
 .got.plt       0x00010140        0xc c:/program files/codesourcery/sourcery g++ lite/bin/../arm-none-linux-gnueabi/libc/armv4t/usr/lib/libm.so
                0x00010140                _GLOBAL_OFFSET_TABLE_
                0x0001014c                . = ALIGN (0x4)
                0x0001014c                _edata = .
                0x0001014c                PROVIDE (edata, .)

.bss            0x0001014c      0x518 load address 0x00080f10
                0x0001014c                __bss_start = .
                0x0001014c                __bss_start__ = .
 *(.bss)
 .bss           0x0001014c        0x0 ../outfile/wlx_core_a.o
 .bss           0x0001014c        0x0 ../outfile/wlx_core_c.o
 .bss           0x0001014c        0x0 ../outfile/wlx_userboot.o
 .bss           0x0001014c        0x0 ../outfile/device.o
 .bss           0x0001014c        0x0 ../outfile/test.o
 .bss           0x0001014c        0x0 ../outfile/interrupt.o
 .bss           0x0001014c        0x0 ../outfile/startup.o
 .bss           0x0001014c       0x18 c:\Keil\ARM\INC\ADI\\libaduc7024.a(irq.o)
                0x0001014c                IRQ
                0x00010150                FIQ
                0x00010154                SWI
                0x00010158                UNDEF
                0x0001015c                PABORT
                0x00010160                DABORT
 *(COMMON)
 COMMON         0x00010164      0x1a0 ../outfile/wlx_core_c.o
                0x00010164                gaucRootTaskStack
                0x000102f4                gpstrRootTaskTcb
                0x000102f8                gpuiCurTaskSpAddr
                0x000102fc                guiNextTaskSp
                0x00010300                gpstrCurTcb
 COMMON         0x00010304        0x4 ../outfile/device.o
                0x00010304                guiSystemTick
 COMMON         0x00010308      0x35c ../outfile/test.o
                0x00010308                guiCurSta
                0x0001030c                gaucLedDisplayStack
                0x0001049c                gpstrCrossStateTcb
                0x000104a0                guiStaChange
                0x000104a4                gstrCurCrossSta
                0x000104d0                gaucCrossStateStack
                0x00010660                gpstrLedDisplayTcb

.dynbss         0x00010664        0x0 load address 0x00081428
 .dynbss        0x00000000        0x0 c:/program files/codesourcery/sourcery g++ lite/bin/../arm-none-linux-gnueabi/libc/armv4t/usr/lib/libm.so
                0x00010664                . = ALIGN (0x4)
                0x00010664                __bss_end__ = .
                0x00010664                __bss_end__ = .
                0x00010664                _end = .
                0x00010664                PROVIDE (end, .)

.stab
 *(.stab)

.stabstr
 *(.stabstr)

.stab.excl
 *(.stab.excl)

.stab.exclstr
 *(.stab.exclstr)

.stab.index
 *(.stab.index)

.stab.indexstr
 *(.stab.indexstr)

.ARM.attributes
                0x00000000       0x2c
 .ARM.attributes
                0x00000000       0x22 ../outfile/wlx_core_a.o
 .ARM.attributes
                0x00000022       0x32 ../outfile/wlx_core_c.o
 .ARM.attributes
                0x00000054       0x32 ../outfile/wlx_userboot.o
 .ARM.attributes
                0x00000086       0x32 ../outfile/device.o
 .ARM.attributes
                0x000000b8       0x32 ../outfile/test.o
 .ARM.attributes
                0x000000ea       0x32 ../outfile/interrupt.o
 .ARM.attributes
                0x0000011c       0x22 ../outfile/startup.o
 .ARM.attributes
                0x0000013e       0x2e c:\Keil\ARM\INC\ADI\\libaduc7024.a(irq.o)

.note.GNU-stack
                0x00000000        0x0
 .note.GNU-stack
                0x00000000        0x0 ../outfile/wlx_core_c.o
 .note.GNU-stack
                0x00000000        0x0 ../outfile/wlx_userboot.o
 .note.GNU-stack
                0x00000000        0x0 ../outfile/device.o
 .note.GNU-stack
                0x00000000        0x0 ../outfile/test.o
 .note.GNU-stack
                0x00000000        0x0 ../outfile/interrupt.o

.comment        0x00000000       0x55
 *(.comment)
 .comment       0x00000000       0x2a ../outfile/wlx_core_c.o
                                 0x2b (size before relaxing)
 .comment       0x00000000       0x2b ../outfile/wlx_userboot.o
 .comment       0x00000000       0x2b ../outfile/device.o
 .comment       0x00000000       0x2b ../outfile/test.o
 .comment       0x00000000       0x2b ../outfile/interrupt.o
 .comment       0x0000002a       0x2b c:\Keil\ARM\INC\ADI\\libaduc7024.a(irq.o)

.debug
 *(.debug)

.line
 *(.line)

.debug_srcinfo
 *(.debug_srcinfo)

.debug_sfnames
 *(.debug_sfnames)

.debug_aranges  0x00000000      0x100
 *(.debug_aranges)
 .debug_aranges
                0x00000000       0x20 ../outfile/wlx_core_a.o
 .debug_aranges
                0x00000020       0x20 ../outfile/wlx_core_c.o
 .debug_aranges
                0x00000040       0x20 ../outfile/wlx_userboot.o
 .debug_aranges
                0x00000060       0x20 ../outfile/device.o
 .debug_aranges
                0x00000080       0x20 ../outfile/test.o
 .debug_aranges
                0x000000a0       0x20 ../outfile/interrupt.o
 .debug_aranges
                0x000000c0       0x20 ../outfile/startup.o
 .debug_aranges
                0x000000e0       0x20 c:\Keil\ARM\INC\ADI\\libaduc7024.a(irq.o)

.debug_pubnames
                0x00000000      0x439
 *(.debug_pubnames)
 .debug_pubnames
                0x00000000       0xe0 ../outfile/wlx_core_c.o
 .debug_pubnames
                0x000000e0       0x23 ../outfile/wlx_userboot.o
 .debug_pubnames
                0x00000103       0xb7 ../outfile/device.o
 .debug_pubnames
                0x000001ba      0x10b ../outfile/test.o
 .debug_pubnames
                0x000002c5       0x7a ../outfile/interrupt.o
 .debug_pubnames
                0x0000033f       0xfa c:\Keil\ARM\INC\ADI\\libaduc7024.a(irq.o)

.debug_info     0x00000000      0xcd6
 *(.debug_info .gnu.linkonce.wi.*)
 .debug_info    0x00000000       0x61 ../outfile/wlx_core_a.o
 .debug_info    0x00000061      0x321 ../outfile/wlx_core_c.o
 .debug_info    0x00000382      0x139 ../outfile/wlx_userboot.o
 .debug_info    0x000004bb      0x228 ../outfile/device.o
 .debug_info    0x000006e3      0x30c ../outfile/test.o
 .debug_info    0x000009ef      0x168 ../outfile/interrupt.o
 .debug_info    0x00000b57       0x5c ../outfile/startup.o
 .debug_info    0x00000bb3      0x123 c:\Keil\ARM\INC\ADI\\libaduc7024.a(irq.o)

.debug_abbrev   0x00000000      0x5b9
 *(.debug_abbrev)
 .debug_abbrev  0x00000000       0x14 ../outfile/wlx_core_a.o
 .debug_abbrev  0x00000014      0x19a ../outfile/wlx_core_c.o
 .debug_abbrev  0x000001ae       0xaa ../outfile/wlx_userboot.o
 .debug_abbrev  0x00000258      0x104 ../outfile/device.o
 .debug_abbrev  0x0000035c      0x119 ../outfile/test.o
 .debug_abbrev  0x00000475       0xc8 ../outfile/interrupt.o
 .debug_abbrev  0x0000053d       0x14 ../outfile/startup.o
 .debug_abbrev  0x00000551       0x68 c:\Keil\ARM\INC\ADI\\libaduc7024.a(irq.o)

.debug_line     0x00000000      0x525
 *(.debug_line)
 .debug_line    0x00000000       0x5c ../outfile/wlx_core_a.o
 .debug_line    0x0000005c       0xce ../outfile/wlx_core_c.o
 .debug_line    0x0000012a       0x73 ../outfile/wlx_userboot.o
 .debug_line    0x0000019d      0x115 ../outfile/device.o
 .debug_line    0x000002b2      0x11d ../outfile/test.o
 .debug_line    0x000003cf       0x8e ../outfile/interrupt.o
 .debug_line    0x0000045d       0x7c ../outfile/startup.o
 .debug_line    0x000004d9       0x4c c:\Keil\ARM\INC\ADI\\libaduc7024.a(irq.o)

.debug_frame    0x00000000      0x3c8
 *(.debug_frame)
 .debug_frame   0x00000000       0xd4 ../outfile/wlx_core_c.o
 .debug_frame   0x000000d4       0x38 ../outfile/wlx_userboot.o
 .debug_frame   0x0000010c       0xb8 ../outfile/device.o
 .debug_frame   0x000001c4       0xa4 ../outfile/test.o
 .debug_frame   0x00000268       0x60 ../outfile/interrupt.o
 .debug_frame   0x000002c8      0x100 c:\Keil\ARM\INC\ADI\\libaduc7024.a(irq.o)

.debug_str      0x00000000      0x56e
 *(.debug_str)
 .debug_str     0x00000000      0x16e ../outfile/wlx_core_c.o
                                0x180 (size before relaxing)
 .debug_str     0x0000016e       0x87 ../outfile/wlx_userboot.o
                                0x10d (size before relaxing)
 .debug_str     0x000001f5       0xc8 ../outfile/device.o
                                0x142 (size before relaxing)
 .debug_str     0x000002bd      0x15b ../outfile/test.o
                                0x249 (size before relaxing)
 .debug_str     0x00000418       0x77 ../outfile/interrupt.o
                                0x15f (size before relaxing)
 .debug_str     0x0000048f       0xdf c:\Keil\ARM\INC\ADI\\libaduc7024.a(irq.o)
                                 0xea (size before relaxing)

.debug_loc      0x00000000      0x8c7
 *(.debug_loc)
 .debug_loc     0x00000000      0x269 ../outfile/wlx_core_c.o
 .debug_loc     0x00000269       0x2c ../outfile/wlx_userboot.o
 .debug_loc     0x00000295      0x241 ../outfile/device.o
 .debug_loc     0x000004d6      0x2d7 ../outfile/test.o
 .debug_loc     0x000007ad       0x1e ../outfile/interrupt.o
 .debug_loc     0x000007cb       0xfc c:\Keil\ARM\INC\ADI\\libaduc7024.a(irq.o)

.debug_macinfo
 *(.debug_macinfo)

.debug_weaknames
 *(.debug_weaknames)

.debug_funcnames
 *(.debug_funcnames)

.debug_typenames
 *(.debug_typenames)

.debug_varnames
 *(.debug_varnames)
OUTPUT(../outfile/wanlix.elf elf32-littlearm)

.debug_pubtypes
                0x00000000      0x161
 .debug_pubtypes
                0x00000000       0x47 ../outfile/wlx_core_c.o
 .debug_pubtypes
                0x00000047       0x3f ../outfile/wlx_userboot.o
 .debug_pubtypes
                0x00000086       0x30 ../outfile/device.o
 .debug_pubtypes
                0x000000b6       0x82 ../outfile/test.o
 .debug_pubtypes
                0x00000138       0x29 ../outfile/interrupt.o

.debug_ranges   0x00000000       0x70
 .debug_ranges  0x00000000       0x58 ../outfile/device.o
 .debug_ranges  0x00000058       0x18 ../outfile/interrupt.o
